<!doctype html>
<html>
    <head>
        <title>FRUIT</title>
    </head>
    <body>
        
    <ul>
        
            <li>Apple</li>
        
            <li>Orange</li>
        
            <li>Banana</li>
        
    </ul>


    </body>
</html>
