<!doctype html>
<html>
    <head>
        <title>FRUIT</title>
    </head>
    <body>
        
    Apple

    Orange

    Banana

    </body>
</html>
